// Jest Snapshot v1, https://goo.gl/fbAQLP

exports[`Post should render without errors 1`] = `
Array [
  <Provider
    store={
      Object {
        "dispatch": [Function],
        "getState": [Function],
        "replaceReducer": [Function],
        "subscribe": [Function],
        Symbol(observable): [Function],
      }
    }
  >
    <Post />
  </Provider>,
]
`;
